2026.09.02 18:40:01 INFO  Started: Metals version 1.6.8 in folders 'C:\Users\DELL\OneDrive\Documents\Master_AI\Data Engineering\EcommerceAnalytics_squelette\EcommerceAnalytics' for client Visual Studio Code 1.134.0.
2026.09.02 18:40:01 INFO  time: initialize in 0.15s
2026.09.02 18:40:01 INFO  Memory monitor started
2026.09.02 18:40:05 WARN  Using H2 2.4.240 which is newer than the version Flyway has been verified with. The latest verified version of H2 is 2.3.232.
2026.09.02 18:48:13 INFO  no build target found for C:\Users\DELL\OneDrive\Documents\Master_AI\Data Engineering\EcommerceAnalytics_squelette\EcommerceAnalytics\src\main\scala\com\ecommerce\utils\ConfigLoader.scala. Using presentation compiler with project's scala-library version: 3.3.8
2026.09.02 18:48:19 WARN  no build target for: C:\Users\DELL\OneDrive\Documents\Master_AI\Data Engineering\EcommerceAnalytics_squelette\EcommerceAnalytics\src\main\scala\com\ecommerce\utils\ConfigLoader.scala
sept. 02, 2026 6:48:19 PM org.eclipse.lsp4j.jsonrpc.RemoteEndpoint handleCancellation
WARNING: Unmatched cancel notification for request id 3
2026.09.02 18:48:19 INFO  no build target found for C:\Users\DELL\OneDrive\Documents\Master_AI\Data Engineering\EcommerceAnalytics_squelette\EcommerceAnalytics\src\main\scala\com\ecommerce\utils\ConfigLoader.scala. Using presentation compiler with project's scala-library version: 3.3.8
2026.09.02 18:48:25 INFO  no build target found for C:\Users\DELL\OneDrive\Documents\Master_AI\Data Engineering\EcommerceAnalytics_squelette\EcommerceAnalytics\src\main\scala\com\ecommerce\utils\ConfigLoader.scala. Using presentation compiler with project's scala-library version: 3.3.8
2026.09.02 18:48:25 INFO  no build target found for C:\Users\DELL\OneDrive\Documents\Master_AI\Data Engineering\EcommerceAnalytics_squelette\EcommerceAnalytics\src\main\scala\com\ecommerce\utils\ConfigLoader.scala. Using presentation compiler with project's scala-library version: 3.3.8
2026.09.02 18:48:25 INFO  no build target found for C:\Users\DELL\OneDrive\Documents\Master_AI\Data Engineering\EcommerceAnalytics_squelette\EcommerceAnalytics\src\main\scala\com\ecommerce\utils\ConfigLoader.scala. Using presentation compiler with project's scala-library version: 3.3.8
2026.09.02 18:48:25 INFO  no build target found for C:\Users\DELL\OneDrive\Documents\Master_AI\Data Engineering\EcommerceAnalytics_squelette\EcommerceAnalytics\src\main\scala\com\ecommerce\utils\ConfigLoader.scala. Using presentation compiler with project's scala-library version: 3.3.8
sept. 02, 2026 6:48:27 PM org.eclipse.lsp4j.jsonrpc.RemoteEndpoint handleCancellation
WARNING: Unmatched cancel notification for request id 14
2026.09.02 18:48:27 INFO  no build target found for C:\Users\DELL\OneDrive\Documents\Master_AI\Data Engineering\EcommerceAnalytics_squelette\EcommerceAnalytics\src\main\scala\com\ecommerce\utils\ConfigLoader.scala. Using presentation compiler with project's scala-library version: 3.3.8
2026.09.02 18:48:27 WARN  no build target for: C:\Users\DELL\OneDrive\Documents\Master_AI\Data Engineering\EcommerceAnalytics_squelette\EcommerceAnalytics\src\main\scala\com\ecommerce\utils\ConfigLoader.scala
2026.09.02 18:48:27 INFO  no build target found for C:\Users\DELL\OneDrive\Documents\Master_AI\Data Engineering\EcommerceAnalytics_squelette\EcommerceAnalytics\src\main\scala\com\ecommerce\utils\ConfigLoader.scala. Using presentation compiler with project's scala-library version: 3.3.8
2026.09.02 18:48:28 WARN  no build target for: C:\Users\DELL\OneDrive\Documents\Master_AI\Data Engineering\EcommerceAnalytics_squelette\EcommerceAnalytics\src\main\scala\com\ecommerce\utils\ConfigLoader.scala
2026.09.02 18:49:53 INFO  no build target found for C:\Users\DELL\OneDrive\Documents\Master_AI\Data Engineering\EcommerceAnalytics_squelette\EcommerceAnalytics\src\main\scala\com\ecommerce\models\package.scala. Using presentation compiler with project's scala-library version: 3.3.8
sept. 02, 2026 6:49:53 PM org.eclipse.lsp4j.jsonrpc.RemoteEndpoint handleCancellation
WARNING: Unmatched cancel notification for request id 23
2026.09.02 18:49:53 INFO  no build target found for C:\Users\DELL\OneDrive\Documents\Master_AI\Data Engineering\EcommerceAnalytics_squelette\EcommerceAnalytics\src\main\scala\com\ecommerce\models\package.scala. Using presentation compiler with project's scala-library version: 3.3.8
2026.09.02 18:49:55 INFO  no build target found for C:\Users\DELL\OneDrive\Documents\Master_AI\Data Engineering\EcommerceAnalytics_squelette\EcommerceAnalytics\src\main\scala\com\ecommerce\models\package.scala. Using presentation compiler with project's scala-library version: 3.3.8
2026.09.02 18:49:55 INFO  no build target found for C:\Users\DELL\OneDrive\Documents\Master_AI\Data Engineering\EcommerceAnalytics_squelette\EcommerceAnalytics\src\main\scala\com\ecommerce\models\package.scala. Using presentation compiler with project's scala-library version: 3.3.8
2026.09.02 18:49:55 INFO  no build target found for C:\Users\DELL\OneDrive\Documents\Master_AI\Data Engineering\EcommerceAnalytics_squelette\EcommerceAnalytics\src\main\scala\com\ecommerce\models\package.scala. Using presentation compiler with project's scala-library version: 3.3.8
2026.09.02 18:49:56 INFO  no build target found for C:\Users\DELL\OneDrive\Documents\Master_AI\Data Engineering\EcommerceAnalytics_squelette\EcommerceAnalytics\src\main\scala\com\ecommerce\models\package.scala. Using presentation compiler with project's scala-library version: 3.3.8
sept. 02, 2026 6:49:57 PM org.eclipse.lsp4j.jsonrpc.RemoteEndpoint handleCancellation
WARNING: Unmatched cancel notification for request id 34
2026.09.02 18:49:56 INFO  no build target found for C:\Users\DELL\OneDrive\Documents\Master_AI\Data Engineering\EcommerceAnalytics_squelette\EcommerceAnalytics\src\main\scala\com\ecommerce\models\package.scala. Using presentation compiler with project's scala-library version: 3.3.8
2026.09.02 18:49:57 WARN  no build target for: C:\Users\DELL\OneDrive\Documents\Master_AI\Data Engineering\EcommerceAnalytics_squelette\EcommerceAnalytics\src\main\scala\com\ecommerce\models\package.scala
2026.09.02 18:49:57 INFO  no build target found for C:\Users\DELL\OneDrive\Documents\Master_AI\Data Engineering\EcommerceAnalytics_squelette\EcommerceAnalytics\src\main\scala\com\ecommerce\models\package.scala. Using presentation compiler with project's scala-library version: 3.3.8
2026.09.02 18:49:58 WARN  no build target for: C:\Users\DELL\OneDrive\Documents\Master_AI\Data Engineering\EcommerceAnalytics_squelette\EcommerceAnalytics\src\main\scala\com\ecommerce\models\package.scala
2026.09.02 18:50:33 INFO  no build target found for C:\Users\DELL\OneDrive\Documents\Master_AI\Data Engineering\EcommerceAnalytics_squelette\EcommerceAnalytics\src\main\scala\com\ecommerce\utils\SparkSessionBuilder.scala. Using presentation compiler with project's scala-library version: 3.3.8
sept. 02, 2026 6:50:33 PM org.eclipse.lsp4j.jsonrpc.RemoteEndpoint handleCancellation
WARNING: Unmatched cancel notification for request id 43
2026.09.02 18:50:33 INFO  no build target found for C:\Users\DELL\OneDrive\Documents\Master_AI\Data Engineering\EcommerceAnalytics_squelette\EcommerceAnalytics\src\main\scala\com\ecommerce\utils\SparkSessionBuilder.scala. Using presentation compiler with project's scala-library version: 3.3.8
2026.09.02 18:50:35 INFO  no build target found for C:\Users\DELL\OneDrive\Documents\Master_AI\Data Engineering\EcommerceAnalytics_squelette\EcommerceAnalytics\src\main\scala\com\ecommerce\utils\SparkSessionBuilder.scala. Using presentation compiler with project's scala-library version: 3.3.8
2026.09.02 18:50:35 INFO  no build target found for C:\Users\DELL\OneDrive\Documents\Master_AI\Data Engineering\EcommerceAnalytics_squelette\EcommerceAnalytics\src\main\scala\com\ecommerce\utils\SparkSessionBuilder.scala. Using presentation compiler with project's scala-library version: 3.3.8
2026.09.02 18:50:35 INFO  no build target found for C:\Users\DELL\OneDrive\Documents\Master_AI\Data Engineering\EcommerceAnalytics_squelette\EcommerceAnalytics\src\main\scala\com\ecommerce\utils\SparkSessionBuilder.scala. Using presentation compiler with project's scala-library version: 3.3.8
2026.09.02 18:50:35 INFO  no build target found for C:\Users\DELL\OneDrive\Documents\Master_AI\Data Engineering\EcommerceAnalytics_squelette\EcommerceAnalytics\src\main\scala\com\ecommerce\utils\SparkSessionBuilder.scala. Using presentation compiler with project's scala-library version: 3.3.8
sept. 02, 2026 6:50:36 PM org.eclipse.lsp4j.jsonrpc.RemoteEndpoint handleCancellation
WARNING: Unmatched cancel notification for request id 54
2026.09.02 18:50:36 INFO  no build target found for C:\Users\DELL\OneDrive\Documents\Master_AI\Data Engineering\EcommerceAnalytics_squelette\EcommerceAnalytics\src\main\scala\com\ecommerce\utils\SparkSessionBuilder.scala. Using presentation compiler with project's scala-library version: 3.3.8
2026.09.02 18:50:37 INFO  no build target found for C:\Users\DELL\OneDrive\Documents\Master_AI\Data Engineering\EcommerceAnalytics_squelette\EcommerceAnalytics\src\main\scala\com\ecommerce\utils\SparkSessionBuilder.scala. Using presentation compiler with project's scala-library version: 3.3.8
2026.09.02 18:50:37 WARN  no build target for: C:\Users\DELL\OneDrive\Documents\Master_AI\Data Engineering\EcommerceAnalytics_squelette\EcommerceAnalytics\src\main\scala\com\ecommerce\utils\SparkSessionBuilder.scala
2026.09.02 18:50:38 WARN  no build target for: C:\Users\DELL\OneDrive\Documents\Master_AI\Data Engineering\EcommerceAnalytics_squelette\EcommerceAnalytics\src\main\scala\com\ecommerce\utils\SparkSessionBuilder.scala
2026.09.02 18:51:11 INFO  no build target found for C:\Users\DELL\OneDrive\Documents\Master_AI\Data Engineering\EcommerceAnalytics_squelette\EcommerceAnalytics\src\main\scala\com\ecommerce\analytics\DataIngestion.scala. Using presentation compiler with project's scala-library version: 3.3.8
2026.09.02 18:51:11 INFO  no build target found for C:\Users\DELL\OneDrive\Documents\Master_AI\Data Engineering\EcommerceAnalytics_squelette\EcommerceAnalytics\src\main\scala\com\ecommerce\analytics\DataIngestion.scala. Using presentation compiler with project's scala-library version: 3.3.8
2026.09.02 18:51:12 INFO  no build target found for C:\Users\DELL\OneDrive\Documents\Master_AI\Data Engineering\EcommerceAnalytics_squelette\EcommerceAnalytics\src\main\scala\com\ecommerce\analytics\DataIngestion.scala. Using presentation compiler with project's scala-library version: 3.3.8
2026.09.02 18:51:12 INFO  no build target found for C:\Users\DELL\OneDrive\Documents\Master_AI\Data Engineering\EcommerceAnalytics_squelette\EcommerceAnalytics\src\main\scala\com\ecommerce\analytics\DataIngestion.scala. Using presentation compiler with project's scala-library version: 3.3.8
2026.09.02 18:51:12 INFO  no build target found for C:\Users\DELL\OneDrive\Documents\Master_AI\Data Engineering\EcommerceAnalytics_squelette\EcommerceAnalytics\src\main\scala\com\ecommerce\analytics\DataIngestion.scala. Using presentation compiler with project's scala-library version: 3.3.8
2026.09.02 18:51:13 INFO  no build target found for C:\Users\DELL\OneDrive\Documents\Master_AI\Data Engineering\EcommerceAnalytics_squelette\EcommerceAnalytics\src\main\scala\com\ecommerce\analytics\DataIngestion.scala. Using presentation compiler with project's scala-library version: 3.3.8
sept. 02, 2026 6:51:14 PM org.eclipse.lsp4j.jsonrpc.RemoteEndpoint handleCancellation
WARNING: Unmatched cancel notification for request id 74
2026.09.02 18:51:13 INFO  no build target found for C:\Users\DELL\OneDrive\Documents\Master_AI\Data Engineering\EcommerceAnalytics_squelette\EcommerceAnalytics\src\main\scala\com\ecommerce\analytics\DataIngestion.scala. Using presentation compiler with project's scala-library version: 3.3.8
2026.09.02 18:51:14 WARN  no build target for: C:\Users\DELL\OneDrive\Documents\Master_AI\Data Engineering\EcommerceAnalytics_squelette\EcommerceAnalytics\src\main\scala\com\ecommerce\analytics\DataIngestion.scala
2026.09.02 18:51:14 INFO  no build target found for C:\Users\DELL\OneDrive\Documents\Master_AI\Data Engineering\EcommerceAnalytics_squelette\EcommerceAnalytics\src\main\scala\com\ecommerce\analytics\DataIngestion.scala. Using presentation compiler with project's scala-library version: 3.3.8
2026.09.02 18:51:15 WARN  no build target for: C:\Users\DELL\OneDrive\Documents\Master_AI\Data Engineering\EcommerceAnalytics_squelette\EcommerceAnalytics\src\main\scala\com\ecommerce\analytics\DataIngestion.scala
2026.09.02 18:51:17 INFO  no build target found for C:\Users\DELL\OneDrive\Documents\Master_AI\Data Engineering\EcommerceAnalytics_squelette\EcommerceAnalytics\src\main\scala\com\ecommerce\analytics\DataIngestion.scala. Using presentation compiler with project's scala-library version: 3.3.8
2026.09.02 18:51:19 INFO  no build target found for C:\Users\DELL\OneDrive\Documents\Master_AI\Data Engineering\EcommerceAnalytics_squelette\EcommerceAnalytics\src\main\scala\com\ecommerce\analytics\DataIngestion.scala. Using presentation compiler with project's scala-library version: 3.3.8
2026.09.02 18:51:19 INFO  no build target found for C:\Users\DELL\OneDrive\Documents\Master_AI\Data Engineering\EcommerceAnalytics_squelette\EcommerceAnalytics\src\main\scala\com\ecommerce\analytics\DataIngestion.scala. Using presentation compiler with project's scala-library version: 3.3.8
2026.09.02 18:51:19 INFO  no build target found for C:\Users\DELL\OneDrive\Documents\Master_AI\Data Engineering\EcommerceAnalytics_squelette\EcommerceAnalytics\src\main\scala\com\ecommerce\analytics\DataIngestion.scala. Using presentation compiler with project's scala-library version: 3.3.8
2026.09.02 18:51:53 INFO  no build target found for C:\Users\DELL\OneDrive\Documents\Master_AI\Data Engineering\EcommerceAnalytics_squelette\EcommerceAnalytics\src\main\scala\com\ecommerce\analytics\DataIngestion.scala. Using presentation compiler with project's scala-library version: 3.3.8
2026.09.02 18:52:41 WARN  no build target for: C:\Users\DELL\OneDrive\Documents\Master_AI\Data Engineering\EcommerceAnalytics_squelette\EcommerceAnalytics\src\main\scala\com\ecommerce\analytics\DataIngestion.scala
2026.09.02 18:53:44 INFO  no build target found for C:\Users\DELL\OneDrive\Documents\Master_AI\Data Engineering\EcommerceAnalytics_squelette\EcommerceAnalytics\src\main\scala\com\ecommerce\analytics\DataIngestion.scala. Using presentation compiler with project's scala-library version: 3.3.8
2026.09.02 18:53:48 INFO  no build target found for C:\Users\DELL\OneDrive\Documents\Master_AI\Data Engineering\EcommerceAnalytics_squelette\EcommerceAnalytics\src\main\scala\com\ecommerce\analytics\DataIngestion.scala. Using presentation compiler with project's scala-library version: 3.3.8
2026.09.02 18:53:48 INFO  no build target found for C:\Users\DELL\OneDrive\Documents\Master_AI\Data Engineering\EcommerceAnalytics_squelette\EcommerceAnalytics\src\main\scala\com\ecommerce\analytics\DataIngestion.scala. Using presentation compiler with project's scala-library version: 3.3.8
2026.09.02 18:53:49 INFO  no build target found for C:\Users\DELL\OneDrive\Documents\Master_AI\Data Engineering\EcommerceAnalytics_squelette\EcommerceAnalytics\src\main\scala\com\ecommerce\analytics\DataIngestion.scala. Using presentation compiler with project's scala-library version: 3.3.8
2026.09.02 18:53:49 INFO  no build target found for C:\Users\DELL\OneDrive\Documents\Master_AI\Data Engineering\EcommerceAnalytics_squelette\EcommerceAnalytics\src\main\scala\com\ecommerce\analytics\DataIngestion.scala. Using presentation compiler with project's scala-library version: 3.3.8
sept. 02, 2026 6:53:50 PM org.eclipse.lsp4j.jsonrpc.RemoteEndpoint handleCancellation
WARNING: Unmatched cancel notification for request id 148
2026.09.02 18:53:49 INFO  no build target found for C:\Users\DELL\OneDrive\Documents\Master_AI\Data Engineering\EcommerceAnalytics_squelette\EcommerceAnalytics\src\main\scala\com\ecommerce\analytics\DataIngestion.scala. Using presentation compiler with project's scala-library version: 3.3.8
2026.09.02 18:53:50 WARN  no build target for: C:\Users\DELL\OneDrive\Documents\Master_AI\Data Engineering\EcommerceAnalytics_squelette\EcommerceAnalytics\src\main\scala\com\ecommerce\analytics\DataIngestion.scala
2026.09.02 18:53:50 INFO  no build target found for C:\Users\DELL\OneDrive\Documents\Master_AI\Data Engineering\EcommerceAnalytics_squelette\EcommerceAnalytics\src\main\scala\com\ecommerce\analytics\DataIngestion.scala. Using presentation compiler with project's scala-library version: 3.3.8
2026.09.02 18:53:51 WARN  no build target for: C:\Users\DELL\OneDrive\Documents\Master_AI\Data Engineering\EcommerceAnalytics_squelette\EcommerceAnalytics\src\main\scala\com\ecommerce\analytics\DataIngestion.scala
2026.09.02 18:54:48 INFO  no build target found for C:\Users\DELL\OneDrive\Documents\Master_AI\Data Engineering\EcommerceAnalytics_squelette\EcommerceAnalytics\src\main\scala\com\ecommerce\analytics\DataValidation.scala. Using presentation compiler with project's scala-library version: 3.3.8
2026.09.02 18:54:48 INFO  no build target found for C:\Users\DELL\OneDrive\Documents\Master_AI\Data Engineering\EcommerceAnalytics_squelette\EcommerceAnalytics\src\main\scala\com\ecommerce\analytics\DataValidation.scala. Using presentation compiler with project's scala-library version: 3.3.8
2026.09.02 18:54:50 INFO  no build target found for C:\Users\DELL\OneDrive\Documents\Master_AI\Data Engineering\EcommerceAnalytics_squelette\EcommerceAnalytics\src\main\scala\com\ecommerce\analytics\DataValidation.scala. Using presentation compiler with project's scala-library version: 3.3.8
2026.09.02 18:54:50 INFO  no build target found for C:\Users\DELL\OneDrive\Documents\Master_AI\Data Engineering\EcommerceAnalytics_squelette\EcommerceAnalytics\src\main\scala\com\ecommerce\analytics\DataValidation.scala. Using presentation compiler with project's scala-library version: 3.3.8
2026.09.02 18:54:51 INFO  no build target found for C:\Users\DELL\OneDrive\Documents\Master_AI\Data Engineering\EcommerceAnalytics_squelette\EcommerceAnalytics\src\main\scala\com\ecommerce\analytics\DataValidation.scala. Using presentation compiler with project's scala-library version: 3.3.8
2026.09.02 18:54:51 INFO  no build target found for C:\Users\DELL\OneDrive\Documents\Master_AI\Data Engineering\EcommerceAnalytics_squelette\EcommerceAnalytics\src\main\scala\com\ecommerce\analytics\DataValidation.scala. Using presentation compiler with project's scala-library version: 3.3.8
sept. 02, 2026 6:54:51 PM org.eclipse.lsp4j.jsonrpc.RemoteEndpoint handleCancellation
WARNING: Unmatched cancel notification for request id 166
2026.09.02 18:54:51 INFO  no build target found for C:\Users\DELL\OneDrive\Documents\Master_AI\Data Engineering\EcommerceAnalytics_squelette\EcommerceAnalytics\src\main\scala\com\ecommerce\analytics\DataValidation.scala. Using presentation compiler with project's scala-library version: 3.3.8
2026.09.02 18:54:52 INFO  no build target found for C:\Users\DELL\OneDrive\Documents\Master_AI\Data Engineering\EcommerceAnalytics_squelette\EcommerceAnalytics\src\main\scala\com\ecommerce\analytics\DataValidation.scala. Using presentation compiler with project's scala-library version: 3.3.8
2026.09.02 18:54:52 WARN  no build target for: C:\Users\DELL\OneDrive\Documents\Master_AI\Data Engineering\EcommerceAnalytics_squelette\EcommerceAnalytics\src\main\scala\com\ecommerce\analytics\DataValidation.scala
2026.09.02 18:55:02 INFO  no build target found for C:\Users\DELL\OneDrive\Documents\Master_AI\Data Engineering\EcommerceAnalytics_squelette\EcommerceAnalytics\src\main\scala\com\ecommerce\analytics\DataValidation.scala. Using presentation compiler with project's scala-library version: 3.3.8
2026.09.02 18:55:02 INFO  no build target found for C:\Users\DELL\OneDrive\Documents\Master_AI\Data Engineering\EcommerceAnalytics_squelette\EcommerceAnalytics\src\main\scala\com\ecommerce\analytics\DataValidation.scala. Using presentation compiler with project's scala-library version: 3.3.8
sept. 02, 2026 6:55:02 PM org.eclipse.lsp4j.jsonrpc.RemoteEndpoint handleCancellation
WARNING: Unmatched cancel notification for request id 179
2026.09.02 18:55:02 INFO  no build target found for C:\Users\DELL\OneDrive\Documents\Master_AI\Data Engineering\EcommerceAnalytics_squelette\EcommerceAnalytics\src\main\scala\com\ecommerce\analytics\DataValidation.scala. Using presentation compiler with project's scala-library version: 3.3.8
2026.09.02 18:55:03 INFO  no build target found for C:\Users\DELL\OneDrive\Documents\Master_AI\Data Engineering\EcommerceAnalytics_squelette\EcommerceAnalytics\src\main\scala\com\ecommerce\analytics\DataValidation.scala. Using presentation compiler with project's scala-library version: 3.3.8
sept. 02, 2026 6:55:03 PM org.eclipse.lsp4j.jsonrpc.RemoteEndpoint handleCancellation
WARNING: Unmatched cancel notification for request id 182
2026.09.02 18:55:03 INFO  no build target found for C:\Users\DELL\OneDrive\Documents\Master_AI\Data Engineering\EcommerceAnalytics_squelette\EcommerceAnalytics\src\main\scala\com\ecommerce\analytics\DataValidation.scala. Using presentation compiler with project's scala-library version: 3.3.8
2026.09.02 18:55:04 INFO  no build target found for C:\Users\DELL\OneDrive\Documents\Master_AI\Data Engineering\EcommerceAnalytics_squelette\EcommerceAnalytics\src\main\scala\com\ecommerce\analytics\DataValidation.scala. Using presentation compiler with project's scala-library version: 3.3.8
2026.09.02 18:55:04 WARN  no build target for: C:\Users\DELL\OneDrive\Documents\Master_AI\Data Engineering\EcommerceAnalytics_squelette\EcommerceAnalytics\src\main\scala\com\ecommerce\analytics\DataValidation.scala
2026.09.02 18:55:05 WARN  no build target for: C:\Users\DELL\OneDrive\Documents\Master_AI\Data Engineering\EcommerceAnalytics_squelette\EcommerceAnalytics\src\main\scala\com\ecommerce\analytics\DataValidation.scala
2026.09.02 18:56:28 INFO  no build target found for C:\Users\DELL\OneDrive\Documents\Master_AI\Data Engineering\EcommerceAnalytics_squelette\EcommerceAnalytics\src\main\scala\com\ecommerce\analytics\DataIngestion.scala. Using presentation compiler with project's scala-library version: 3.3.8
2026.09.02 18:56:28 WARN  no build target for: C:\Users\DELL\OneDrive\Documents\Master_AI\Data Engineering\EcommerceAnalytics_squelette\EcommerceAnalytics\src\main\scala\com\ecommerce\analytics\DataIngestion.scala
sept. 02, 2026 6:56:28 PM org.eclipse.lsp4j.jsonrpc.RemoteEndpoint handleCancellation
WARNING: Unmatched cancel notification for request id 191
2026.09.02 18:56:28 INFO  no build target found for C:\Users\DELL\OneDrive\Documents\Master_AI\Data Engineering\EcommerceAnalytics_squelette\EcommerceAnalytics\src\main\scala\com\ecommerce\analytics\DataIngestion.scala. Using presentation compiler with project's scala-library version: 3.3.8
sept. 02, 2026 6:56:28 PM org.eclipse.lsp4j.jsonrpc.RemoteEndpoint handleCancellation
WARNING: Unmatched cancel notification for request id 192
2026.09.02 18:56:28 INFO  no build target found for C:\Users\DELL\OneDrive\Documents\Master_AI\Data Engineering\EcommerceAnalytics_squelette\EcommerceAnalytics\src\main\scala\com\ecommerce\analytics\DataIngestion.scala. Using presentation compiler with project's scala-library version: 3.3.8
2026.09.02 18:56:31 INFO  no build target found for C:\Users\DELL\OneDrive\Documents\Master_AI\Data Engineering\EcommerceAnalytics_squelette\EcommerceAnalytics\src\main\scala\com\ecommerce\analytics\DataIngestion.scala. Using presentation compiler with project's scala-library version: 3.3.8
2026.09.02 18:56:31 INFO  no build target found for C:\Users\DELL\OneDrive\Documents\Master_AI\Data Engineering\EcommerceAnalytics_squelette\EcommerceAnalytics\src\main\scala\com\ecommerce\analytics\DataIngestion.scala. Using presentation compiler with project's scala-library version: 3.3.8
2026.09.02 18:56:33 INFO  no build target found for C:\Users\DELL\OneDrive\Documents\Master_AI\Data Engineering\EcommerceAnalytics_squelette\EcommerceAnalytics\src\main\scala\com\ecommerce\analytics\DataIngestion.scala. Using presentation compiler with project's scala-library version: 3.3.8
2026.09.02 18:56:33 INFO  no build target found for C:\Users\DELL\OneDrive\Documents\Master_AI\Data Engineering\EcommerceAnalytics_squelette\EcommerceAnalytics\src\main\scala\com\ecommerce\analytics\DataIngestion.scala. Using presentation compiler with project's scala-library version: 3.3.8
sept. 02, 2026 6:56:33 PM org.eclipse.lsp4j.jsonrpc.RemoteEndpoint handleCancellation
WARNING: Unmatched cancel notification for request id 203
2026.09.02 18:56:33 INFO  no build target found for C:\Users\DELL\OneDrive\Documents\Master_AI\Data Engineering\EcommerceAnalytics_squelette\EcommerceAnalytics\src\main\scala\com\ecommerce\analytics\DataIngestion.scala. Using presentation compiler with project's scala-library version: 3.3.8
2026.09.02 18:56:34 INFO  no build target found for C:\Users\DELL\OneDrive\Documents\Master_AI\Data Engineering\EcommerceAnalytics_squelette\EcommerceAnalytics\src\main\scala\com\ecommerce\analytics\DataIngestion.scala. Using presentation compiler with project's scala-library version: 3.3.8
2026.09.02 18:56:34 WARN  no build target for: C:\Users\DELL\OneDrive\Documents\Master_AI\Data Engineering\EcommerceAnalytics_squelette\EcommerceAnalytics\src\main\scala\com\ecommerce\analytics\DataIngestion.scala
2026.09.02 18:56:36 WARN  no build target for: C:\Users\DELL\OneDrive\Documents\Master_AI\Data Engineering\EcommerceAnalytics_squelette\EcommerceAnalytics\src\main\scala\com\ecommerce\analytics\DataIngestion.scala
2026.09.02 18:58:14 INFO  no build target found for C:\Users\DELL\OneDrive\Documents\Master_AI\Data Engineering\EcommerceAnalytics_squelette\EcommerceAnalytics\src\main\scala\com\ecommerce\analytics\DataValidation.scala. Using presentation compiler with project's scala-library version: 3.3.8
2026.09.02 18:58:14 WARN  no build target for: C:\Users\DELL\OneDrive\Documents\Master_AI\Data Engineering\EcommerceAnalytics_squelette\EcommerceAnalytics\src\main\scala\com\ecommerce\analytics\DataValidation.scala
2026.09.02 18:58:14 INFO  no build target found for C:\Users\DELL\OneDrive\Documents\Master_AI\Data Engineering\EcommerceAnalytics_squelette\EcommerceAnalytics\src\main\scala\com\ecommerce\analytics\DataValidation.scala. Using presentation compiler with project's scala-library version: 3.3.8
sept. 02, 2026 6:58:15 PM org.eclipse.lsp4j.jsonrpc.RemoteEndpoint handleCancellation
WARNING: Unmatched cancel notification for request id 212
2026.09.02 18:58:14 INFO  no build target found for C:\Users\DELL\OneDrive\Documents\Master_AI\Data Engineering\EcommerceAnalytics_squelette\EcommerceAnalytics\src\main\scala\com\ecommerce\analytics\DataValidation.scala. Using presentation compiler with project's scala-library version: 3.3.8
2026.09.02 18:58:17 INFO  no build target found for C:\Users\DELL\OneDrive\Documents\Master_AI\Data Engineering\EcommerceAnalytics_squelette\EcommerceAnalytics\src\main\scala\com\ecommerce\analytics\DataValidation.scala. Using presentation compiler with project's scala-library version: 3.3.8
2026.09.02 18:58:17 INFO  no build target found for C:\Users\DELL\OneDrive\Documents\Master_AI\Data Engineering\EcommerceAnalytics_squelette\EcommerceAnalytics\src\main\scala\com\ecommerce\analytics\DataValidation.scala. Using presentation compiler with project's scala-library version: 3.3.8
2026.09.02 18:58:18 INFO  no build target found for C:\Users\DELL\OneDrive\Documents\Master_AI\Data Engineering\EcommerceAnalytics_squelette\EcommerceAnalytics\src\main\scala\com\ecommerce\analytics\DataValidation.scala. Using presentation compiler with project's scala-library version: 3.3.8
2026.09.02 18:58:18 INFO  no build target found for C:\Users\DELL\OneDrive\Documents\Master_AI\Data Engineering\EcommerceAnalytics_squelette\EcommerceAnalytics\src\main\scala\com\ecommerce\analytics\DataValidation.scala. Using presentation compiler with project's scala-library version: 3.3.8
sept. 02, 2026 6:58:19 PM org.eclipse.lsp4j.jsonrpc.RemoteEndpoint handleCancellation
WARNING: Unmatched cancel notification for request id 222
2026.09.02 18:58:18 INFO  no build target found for C:\Users\DELL\OneDrive\Documents\Master_AI\Data Engineering\EcommerceAnalytics_squelette\EcommerceAnalytics\src\main\scala\com\ecommerce\analytics\DataValidation.scala. Using presentation compiler with project's scala-library version: 3.3.8
2026.09.02 18:58:19 WARN  no build target for: C:\Users\DELL\OneDrive\Documents\Master_AI\Data Engineering\EcommerceAnalytics_squelette\EcommerceAnalytics\src\main\scala\com\ecommerce\analytics\DataValidation.scala
2026.09.02 18:58:19 INFO  no build target found for C:\Users\DELL\OneDrive\Documents\Master_AI\Data Engineering\EcommerceAnalytics_squelette\EcommerceAnalytics\src\main\scala\com\ecommerce\analytics\DataValidation.scala. Using presentation compiler with project's scala-library version: 3.3.8
2026.09.02 18:58:20 WARN  no build target for: C:\Users\DELL\OneDrive\Documents\Master_AI\Data Engineering\EcommerceAnalytics_squelette\EcommerceAnalytics\src\main\scala\com\ecommerce\analytics\DataValidation.scala
2026.09.02 19:00:12 INFO  no build target found for C:\Users\DELL\OneDrive\Documents\Master_AI\Data Engineering\EcommerceAnalytics_squelette\EcommerceAnalytics\src\main\scala\com\ecommerce\analytics\DataIngestion.scala. Using presentation compiler with project's scala-library version: 3.3.8
sept. 02, 2026 7:00:12 PM org.eclipse.lsp4j.jsonrpc.RemoteEndpoint handleCancellation
WARNING: Unmatched cancel notification for request id 230
2026.09.02 19:00:12 WARN  no build target for: C:\Users\DELL\OneDrive\Documents\Master_AI\Data Engineering\EcommerceAnalytics_squelette\EcommerceAnalytics\src\main\scala\com\ecommerce\analytics\DataIngestion.scala
2026.09.02 19:00:12 INFO  no build target found for C:\Users\DELL\OneDrive\Documents\Master_AI\Data Engineering\EcommerceAnalytics_squelette\EcommerceAnalytics\src\main\scala\com\ecommerce\analytics\DataIngestion.scala. Using presentation compiler with project's scala-library version: 3.3.8
sept. 02, 2026 7:00:12 PM org.eclipse.lsp4j.jsonrpc.RemoteEndpoint handleCancellation
WARNING: Unmatched cancel notification for request id 231
2026.09.02 19:00:12 INFO  no build target found for C:\Users\DELL\OneDrive\Documents\Master_AI\Data Engineering\EcommerceAnalytics_squelette\EcommerceAnalytics\src\main\scala\com\ecommerce\analytics\DataIngestion.scala. Using presentation compiler with project's scala-library version: 3.3.8
2026.09.02 19:00:14 INFO  no build target found for C:\Users\DELL\OneDrive\Documents\Master_AI\Data Engineering\EcommerceAnalytics_squelette\EcommerceAnalytics\src\main\scala\com\ecommerce\analytics\DataIngestion.scala. Using presentation compiler with project's scala-library version: 3.3.8
2026.09.02 19:00:14 INFO  no build target found for C:\Users\DELL\OneDrive\Documents\Master_AI\Data Engineering\EcommerceAnalytics_squelette\EcommerceAnalytics\src\main\scala\com\ecommerce\analytics\DataIngestion.scala. Using presentation compiler with project's scala-library version: 3.3.8
2026.09.02 19:00:14 INFO  no build target found for C:\Users\DELL\OneDrive\Documents\Master_AI\Data Engineering\EcommerceAnalytics_squelette\EcommerceAnalytics\src\main\scala\com\ecommerce\analytics\DataIngestion.scala. Using presentation compiler with project's scala-library version: 3.3.8
2026.09.02 19:00:15 INFO  no build target found for C:\Users\DELL\OneDrive\Documents\Master_AI\Data Engineering\EcommerceAnalytics_squelette\EcommerceAnalytics\src\main\scala\com\ecommerce\analytics\DataIngestion.scala. Using presentation compiler with project's scala-library version: 3.3.8
2026.09.02 19:00:15 INFO  no build target found for C:\Users\DELL\OneDrive\Documents\Master_AI\Data Engineering\EcommerceAnalytics_squelette\EcommerceAnalytics\src\main\scala\com\ecommerce\analytics\DataIngestion.scala. Using presentation compiler with project's scala-library version: 3.3.8
sept. 02, 2026 7:00:16 PM org.eclipse.lsp4j.jsonrpc.RemoteEndpoint handleCancellation
WARNING: Unmatched cancel notification for request id 243
2026.09.02 19:00:16 WARN  no build target for: C:\Users\DELL\OneDrive\Documents\Master_AI\Data Engineering\EcommerceAnalytics_squelette\EcommerceAnalytics\src\main\scala\com\ecommerce\analytics\DataIngestion.scala
2026.09.02 19:00:16 INFO  no build target found for C:\Users\DELL\OneDrive\Documents\Master_AI\Data Engineering\EcommerceAnalytics_squelette\EcommerceAnalytics\src\main\scala\com\ecommerce\analytics\DataIngestion.scala. Using presentation compiler with project's scala-library version: 3.3.8
2026.09.02 19:00:17 WARN  no build target for: C:\Users\DELL\OneDrive\Documents\Master_AI\Data Engineering\EcommerceAnalytics_squelette\EcommerceAnalytics\src\main\scala\com\ecommerce\analytics\DataIngestion.scala
2026.09.02 19:02:44 INFO  no build target found for C:\Users\DELL\OneDrive\Documents\Master_AI\Data Engineering\EcommerceAnalytics_squelette\EcommerceAnalytics\src\main\scala\com\ecommerce\analytics\DataQualityReport.scala. Using presentation compiler with project's scala-library version: 3.3.8
2026.09.02 19:02:44 INFO  no build target found for C:\Users\DELL\OneDrive\Documents\Master_AI\Data Engineering\EcommerceAnalytics_squelette\EcommerceAnalytics\src\main\scala\com\ecommerce\analytics\DataQualityReport.scala. Using presentation compiler with project's scala-library version: 3.3.8
sept. 02, 2026 7:02:45 PM org.eclipse.lsp4j.jsonrpc.RemoteEndpoint handleCancellation
WARNING: Unmatched cancel notification for request id 258
2026.09.02 19:02:44 INFO  no build target found for C:\Users\DELL\OneDrive\Documents\Master_AI\Data Engineering\EcommerceAnalytics_squelette\EcommerceAnalytics\src\main\scala\com\ecommerce\analytics\DataQualityReport.scala. Using presentation compiler with project's scala-library version: 3.3.8
2026.09.02 19:02:48 INFO  no build target found for C:\Users\DELL\OneDrive\Documents\Master_AI\Data Engineering\EcommerceAnalytics_squelette\EcommerceAnalytics\src\main\scala\com\ecommerce\analytics\DataQualityReport.scala. Using presentation compiler with project's scala-library version: 3.3.8
2026.09.02 19:02:48 WARN  no build target for: C:\Users\DELL\OneDrive\Documents\Master_AI\Data Engineering\EcommerceAnalytics_squelette\EcommerceAnalytics\src\main\scala\com\ecommerce\analytics\DataQualityReport.scala
2026.09.02 19:07:43 INFO  no build target found for C:\Users\DELL\OneDrive\Documents\Master_AI\Data Engineering\EcommerceAnalytics_squelette\EcommerceAnalytics\src\main\scala\com\ecommerce\analytics\MainApp.scala. Using presentation compiler with project's scala-library version: 3.3.8
2026.09.02 19:07:43 INFO  no build target found for C:\Users\DELL\OneDrive\Documents\Master_AI\Data Engineering\EcommerceAnalytics_squelette\EcommerceAnalytics\src\main\scala\com\ecommerce\analytics\MainApp.scala. Using presentation compiler with project's scala-library version: 3.3.8
2026.09.02 19:07:48 INFO  no build target found for C:\Users\DELL\OneDrive\Documents\Master_AI\Data Engineering\EcommerceAnalytics_squelette\EcommerceAnalytics\src\main\scala\com\ecommerce\analytics\MainApp.scala. Using presentation compiler with project's scala-library version: 3.3.8
2026.09.02 19:07:48 INFO  no build target found for C:\Users\DELL\OneDrive\Documents\Master_AI\Data Engineering\EcommerceAnalytics_squelette\EcommerceAnalytics\src\main\scala\com\ecommerce\analytics\DataTransformation.scala. Using presentation compiler with project's scala-library version: 3.3.8
2026.09.02 19:07:48 INFO  no build target found for C:\Users\DELL\OneDrive\Documents\Master_AI\Data Engineering\EcommerceAnalytics_squelette\EcommerceAnalytics\src\main\scala\com\ecommerce\analytics\DataTransformation.scala. Using presentation compiler with project's scala-library version: 3.3.8
2026.09.02 19:07:49 INFO  no build target found for C:\Users\DELL\OneDrive\Documents\Master_AI\Data Engineering\EcommerceAnalytics_squelette\EcommerceAnalytics\src\main\scala\com\ecommerce\analytics\DataValidation.scala. Using presentation compiler with project's scala-library version: 3.3.8
2026.09.02 19:07:49 WARN  no build target for: C:\Users\DELL\OneDrive\Documents\Master_AI\Data Engineering\EcommerceAnalytics_squelette\EcommerceAnalytics\src\main\scala\com\ecommerce\analytics\DataValidation.scala
sept. 02, 2026 7:07:49 PM org.eclipse.lsp4j.jsonrpc.RemoteEndpoint handleCancellation
WARNING: Unmatched cancel notification for request id 280
2026.09.02 19:07:49 INFO  no build target found for C:\Users\DELL\OneDrive\Documents\Master_AI\Data Engineering\EcommerceAnalytics_squelette\EcommerceAnalytics\src\main\scala\com\ecommerce\analytics\DataValidation.scala. Using presentation compiler with project's scala-library version: 3.3.8
sept. 02, 2026 7:07:50 PM org.eclipse.lsp4j.jsonrpc.RemoteEndpoint handleCancellation
WARNING: Unmatched cancel notification for request id 281
2026.09.02 19:07:49 INFO  no build target found for C:\Users\DELL\OneDrive\Documents\Master_AI\Data Engineering\EcommerceAnalytics_squelette\EcommerceAnalytics\src\main\scala\com\ecommerce\analytics\DataValidation.scala. Using presentation compiler with project's scala-library version: 3.3.8
2026.09.02 19:08:41 INFO  no build target found for C:\Users\DELL\OneDrive\Documents\Master_AI\Data Engineering\EcommerceAnalytics_squelette\EcommerceAnalytics\src\main\scala\com\ecommerce\analytics\DataValidation.scala. Using presentation compiler with project's scala-library version: 3.3.8
2026.09.02 19:08:41 INFO  no build target found for C:\Users\DELL\OneDrive\Documents\Master_AI\Data Engineering\EcommerceAnalytics_squelette\EcommerceAnalytics\src\main\scala\com\ecommerce\analytics\DataValidation.scala. Using presentation compiler with project's scala-library version: 3.3.8
2026.09.02 19:08:41 INFO  no build target found for C:\Users\DELL\OneDrive\Documents\Master_AI\Data Engineering\EcommerceAnalytics_squelette\EcommerceAnalytics\src\main\scala\com\ecommerce\analytics\DataValidation.scala. Using presentation compiler with project's scala-library version: 3.3.8
2026.09.02 19:08:42 INFO  no build target found for C:\Users\DELL\OneDrive\Documents\Master_AI\Data Engineering\EcommerceAnalytics_squelette\EcommerceAnalytics\src\main\scala\com\ecommerce\analytics\DataValidation.scala. Using presentation compiler with project's scala-library version: 3.3.8
sept. 02, 2026 7:08:42 PM org.eclipse.lsp4j.jsonrpc.RemoteEndpoint handleCancellation
WARNING: Unmatched cancel notification for request id 291
2026.09.02 19:08:42 INFO  no build target found for C:\Users\DELL\OneDrive\Documents\Master_AI\Data Engineering\EcommerceAnalytics_squelette\EcommerceAnalytics\src\main\scala\com\ecommerce\analytics\DataValidation.scala. Using presentation compiler with project's scala-library version: 3.3.8
2026.09.02 19:08:43 INFO  no build target found for C:\Users\DELL\OneDrive\Documents\Master_AI\Data Engineering\EcommerceAnalytics_squelette\EcommerceAnalytics\src\main\scala\com\ecommerce\analytics\DataValidation.scala. Using presentation compiler with project's scala-library version: 3.3.8
2026.09.02 19:08:43 WARN  no build target for: C:\Users\DELL\OneDrive\Documents\Master_AI\Data Engineering\EcommerceAnalytics_squelette\EcommerceAnalytics\src\main\scala\com\ecommerce\analytics\DataValidation.scala
2026.09.02 19:08:45 WARN  no build target for: C:\Users\DELL\OneDrive\Documents\Master_AI\Data Engineering\EcommerceAnalytics_squelette\EcommerceAnalytics\src\main\scala\com\ecommerce\analytics\DataValidation.scala
2026.09.02 19:11:30 INFO  no build target found for C:\Users\DELL\OneDrive\Documents\Master_AI\Data Engineering\EcommerceAnalytics_squelette\EcommerceAnalytics\src\main\scala\com\ecommerce\analytics\DataValidation.scala. Using presentation compiler with project's scala-library version: 3.3.8
2026.09.02 19:11:30 INFO  no build target found for C:\Users\DELL\OneDrive\Documents\Master_AI\Data Engineering\EcommerceAnalytics_squelette\EcommerceAnalytics\src\main\scala\com\ecommerce\analytics\DataValidation.scala. Using presentation compiler with project's scala-library version: 3.3.8
2026.09.02 19:11:30 INFO  no build target found for C:\Users\DELL\OneDrive\Documents\Master_AI\Data Engineering\EcommerceAnalytics_squelette\EcommerceAnalytics\src\main\scala\com\ecommerce\analytics\DataValidation.scala. Using presentation compiler with project's scala-library version: 3.3.8
2026.09.02 19:11:31 WARN  no build target for: C:\Users\DELL\OneDrive\Documents\Master_AI\Data Engineering\EcommerceAnalytics_squelette\EcommerceAnalytics\src\main\scala\com\ecommerce\analytics\DataValidation.scala
2026.09.02 19:11:31 INFO  no build target found for C:\Users\DELL\OneDrive\Documents\Master_AI\Data Engineering\EcommerceAnalytics_squelette\EcommerceAnalytics\src\main\scala\com\ecommerce\analytics\DataValidation.scala. Using presentation compiler with project's scala-library version: 3.3.8
2026.09.02 19:14:23 INFO  no build target found for C:\Users\DELL\OneDrive\Documents\Master_AI\Data Engineering\EcommerceAnalytics_squelette\EcommerceAnalytics\src\main\scala\com\ecommerce\analytics\DataValidation.scala. Using presentation compiler with project's scala-library version: 3.3.8
sept. 02, 2026 7:14:23 PM org.eclipse.lsp4j.jsonrpc.RemoteEndpoint handleCancellation
WARNING: Unmatched cancel notification for request id 309
2026.09.02 19:14:23 INFO  no build target found for C:\Users\DELL\OneDrive\Documents\Master_AI\Data Engineering\EcommerceAnalytics_squelette\EcommerceAnalytics\src\main\scala\com\ecommerce\analytics\DataValidation.scala. Using presentation compiler with project's scala-library version: 3.3.8
2026.09.02 19:16:10 INFO  no build target found for C:\Users\DELL\OneDrive\Documents\Master_AI\Data Engineering\EcommerceAnalytics_squelette\EcommerceAnalytics\src\main\scala\com\ecommerce\analytics\testMembreA.scala. Using presentation compiler with project's scala-library version: 3.3.8
2026.09.02 19:16:10 INFO  no build target found for C:\Users\DELL\OneDrive\Documents\Master_AI\Data Engineering\EcommerceAnalytics_squelette\EcommerceAnalytics\src\main\scala\com\ecommerce\analytics\testMembreA.scala. Using presentation compiler with project's scala-library version: 3.3.8
2026.09.02 19:16:11 INFO  no build target found for C:\Users\DELL\OneDrive\Documents\Master_AI\Data Engineering\EcommerceAnalytics_squelette\EcommerceAnalytics\src\main\scala\com\ecommerce\analytics\testMembreA.scala. Using presentation compiler with project's scala-library version: 3.3.8
2026.09.02 19:16:11 WARN  no build target for: C:\Users\DELL\OneDrive\Documents\Master_AI\Data Engineering\EcommerceAnalytics_squelette\EcommerceAnalytics\src\main\scala\com\ecommerce\analytics\testMembreA.scala
2026.09.02 19:16:12 WARN  no build target for: C:\Users\DELL\OneDrive\Documents\Master_AI\Data Engineering\EcommerceAnalytics_squelette\EcommerceAnalytics\src\main\scala\com\ecommerce\analytics\testMembreA.scala
2026.09.02 19:29:45 INFO  no build target found for C:\Users\DELL\OneDrive\Documents\Master_AI\Data Engineering\EcommerceAnalytics_squelette\EcommerceAnalytics\build.sbt. Using presentation compiler with project's scala-library version: 3.3.8
2026.09.02 19:29:45 WARN  no build target for: C:\Users\DELL\OneDrive\Documents\Master_AI\Data Engineering\EcommerceAnalytics_squelette\EcommerceAnalytics\build.sbt
2026.09.02 19:42:27 WARN  no build target for: C:\Users\DELL\OneDrive\Documents\Master_AI\Data Engineering\EcommerceAnalytics_squelette\EcommerceAnalytics\build.sbt
2026.09.02 19:45:47 INFO  Shutting down server
2026.09.02 19:45:47 INFO  Memory monitor stopped
2026.09.02 19:45:47 INFO  shutting down Metals
2026.09.02 19:45:47 INFO  Exiting server
2026.09.02 19:54:27 INFO  Started: Metals version 1.6.8 in folders 'C:\Users\DELL\OneDrive\Documents\Master_AI\Data Engineering\EcommerceAnalytics_squelette\EcommerceAnalytics' for client Visual Studio Code 1.136.0.
2026.09.02 19:54:27 INFO  time: initialize in 0.12s
2026.09.02 19:54:27 INFO  Memory monitor started
2026.09.02 19:54:31 WARN  Using H2 2.4.240 which is newer than the version Flyway has been verified with. The latest verified version of H2 is 2.3.232.
2026.09.02 19:54:33 INFO  no build target found for C:\Users\DELL\OneDrive\Documents\Master_AI\Data Engineering\EcommerceAnalytics_squelette\EcommerceAnalytics\src\main\scala\com\ecommerce\analytics\DataQualityReport.scala. Using presentation compiler with project's scala-library version: 3.3.8
2026.09.02 20:00:37 INFO  no build target found for C:\Users\DELL\OneDrive\Documents\Master_AI\Data Engineering\EcommerceAnalytics_squelette\EcommerceAnalytics\src\main\scala\com\ecommerce\analytics\DataQualityReport.scala. Using presentation compiler with project's scala-library version: 3.3.8
2026.09.02 20:00:37 INFO  no build target found for C:\Users\DELL\OneDrive\Documents\Master_AI\Data Engineering\EcommerceAnalytics_squelette\EcommerceAnalytics\src\main\scala\com\ecommerce\analytics\DataQualityReport.scala. Using presentation compiler with project's scala-library version: 3.3.8
2026.09.02 20:00:38 INFO  no build target found for C:\Users\DELL\OneDrive\Documents\Master_AI\Data Engineering\EcommerceAnalytics_squelette\EcommerceAnalytics\src\main\scala\com\ecommerce\analytics\DataQualityReport.scala. Using presentation compiler with project's scala-library version: 3.3.8
2026.09.02 20:00:38 INFO  no build target found for C:\Users\DELL\OneDrive\Documents\Master_AI\Data Engineering\EcommerceAnalytics_squelette\EcommerceAnalytics\src\main\scala\com\ecommerce\analytics\DataQualityReport.scala. Using presentation compiler with project's scala-library version: 3.3.8
2026.09.02 20:00:39 WARN  no build target for: C:\Users\DELL\OneDrive\Documents\Master_AI\Data Engineering\EcommerceAnalytics_squelette\EcommerceAnalytics\src\main\scala\com\ecommerce\analytics\DataQualityReport.scala
2026.09.02 20:00:39 INFO  no build target found for C:\Users\DELL\OneDrive\Documents\Master_AI\Data Engineering\EcommerceAnalytics_squelette\EcommerceAnalytics\src\main\scala\com\ecommerce\analytics\DataQualityReport.scala. Using presentation compiler with project's scala-library version: 3.3.8
2026.09.02 20:00:39 WARN  no build target for: C:\Users\DELL\OneDrive\Documents\Master_AI\Data Engineering\EcommerceAnalytics_squelette\EcommerceAnalytics\src\main\scala\com\ecommerce\analytics\DataQualityReport.scala
2026.09.02 20:00:51 INFO  no build target found for C:\Users\DELL\OneDrive\Documents\Master_AI\Data Engineering\EcommerceAnalytics_squelette\EcommerceAnalytics\src\main\scala\com\ecommerce\analytics\TestMembreA.scala. Using presentation compiler with project's scala-library version: 3.3.8
2026.09.02 20:00:51 WARN  no build target for: C:\Users\DELL\OneDrive\Documents\Master_AI\Data Engineering\EcommerceAnalytics_squelette\EcommerceAnalytics\src\main\scala\com\ecommerce\analytics\TestMembreA.scala
sept. 02, 2026 8:00:51 PM org.eclipse.lsp4j.jsonrpc.RemoteEndpoint handleCancellation
WARNING: Unmatched cancel notification for request id 19
2026.09.02 20:00:51 INFO  no build target found for C:\Users\DELL\OneDrive\Documents\Master_AI\Data Engineering\EcommerceAnalytics_squelette\EcommerceAnalytics\src\main\scala\com\ecommerce\analytics\TestMembreA.scala. Using presentation compiler with project's scala-library version: 3.3.8
sept. 02, 2026 8:00:51 PM org.eclipse.lsp4j.jsonrpc.RemoteEndpoint handleCancellation
WARNING: Unmatched cancel notification for request id 21
2026.09.02 20:00:51 INFO  no build target found for C:\Users\DELL\OneDrive\Documents\Master_AI\Data Engineering\EcommerceAnalytics_squelette\EcommerceAnalytics\src\main\scala\com\ecommerce\analytics\TestMembreA.scala. Using presentation compiler with project's scala-library version: 3.3.8
2026.09.02 20:00:53 INFO  no build target found for C:\Users\DELL\OneDrive\Documents\Master_AI\Data Engineering\EcommerceAnalytics_squelette\EcommerceAnalytics\src\main\scala\com\ecommerce\analytics\TestMembreA.scala. Using presentation compiler with project's scala-library version: 3.3.8
2026.09.02 20:00:53 INFO  no build target found for C:\Users\DELL\OneDrive\Documents\Master_AI\Data Engineering\EcommerceAnalytics_squelette\EcommerceAnalytics\src\main\scala\com\ecommerce\analytics\TestMembreA.scala. Using presentation compiler with project's scala-library version: 3.3.8
2026.09.02 20:01:08 INFO  no build target found for C:\Users\DELL\OneDrive\Documents\Master_AI\Data Engineering\EcommerceAnalytics_squelette\EcommerceAnalytics\src\main\scala\com\ecommerce\analytics\TestMembreA.scala. Using presentation compiler with project's scala-library version: 3.3.8
2026.09.02 20:01:08 INFO  no build target found for C:\Users\DELL\OneDrive\Documents\Master_AI\Data Engineering\EcommerceAnalytics_squelette\EcommerceAnalytics\src\main\scala\com\ecommerce\analytics\TestMembreA.scala. Using presentation compiler with project's scala-library version: 3.3.8
2026.09.02 20:01:08 INFO  no build target found for C:\Users\DELL\OneDrive\Documents\Master_AI\Data Engineering\EcommerceAnalytics_squelette\EcommerceAnalytics\src\main\scala\com\ecommerce\analytics\TestMembreA.scala. Using presentation compiler with project's scala-library version: 3.3.8
2026.09.02 20:01:09 INFO  no build target found for C:\Users\DELL\OneDrive\Documents\Master_AI\Data Engineering\EcommerceAnalytics_squelette\EcommerceAnalytics\src\main\scala\com\ecommerce\analytics\TestMembreA.scala. Using presentation compiler with project's scala-library version: 3.3.8
2026.09.02 20:01:09 INFO  no build target found for C:\Users\DELL\OneDrive\Documents\Master_AI\Data Engineering\EcommerceAnalytics_squelette\EcommerceAnalytics\src\main\scala\com\ecommerce\analytics\TestMembreA.scala. Using presentation compiler with project's scala-library version: 3.3.8
2026.09.02 20:01:09 INFO  no build target found for C:\Users\DELL\OneDrive\Documents\Master_AI\Data Engineering\EcommerceAnalytics_squelette\EcommerceAnalytics\src\main\scala\com\ecommerce\analytics\TestMembreA.scala. Using presentation compiler with project's scala-library version: 3.3.8
sept. 02, 2026 8:01:10 PM org.eclipse.lsp4j.jsonrpc.RemoteEndpoint handleCancellation
WARNING: Unmatched cancel notification for request id 37
2026.09.02 20:01:10 INFO  no build target found for C:\Users\DELL\OneDrive\Documents\Master_AI\Data Engineering\EcommerceAnalytics_squelette\EcommerceAnalytics\src\main\scala\com\ecommerce\analytics\TestMembreA.scala. Using presentation compiler with project's scala-library version: 3.3.8
2026.09.02 20:01:11 WARN  no build target for: C:\Users\DELL\OneDrive\Documents\Master_AI\Data Engineering\EcommerceAnalytics_squelette\EcommerceAnalytics\src\main\scala\com\ecommerce\analytics\TestMembreA.scala
2026.09.02 20:01:11 INFO  no build target found for C:\Users\DELL\OneDrive\Documents\Master_AI\Data Engineering\EcommerceAnalytics_squelette\EcommerceAnalytics\src\main\scala\com\ecommerce\analytics\TestMembreA.scala. Using presentation compiler with project's scala-library version: 3.3.8
2026.09.02 20:11:24 WARN  no build target for: C:\Users\DELL\OneDrive\Documents\Master_AI\Data Engineering\EcommerceAnalytics_squelette\EcommerceAnalytics\src\main\scala\com\ecommerce\analytics\TestMembreA.scala
2026.09.02 20:11:24 INFO  no build target found for C:\Users\DELL\OneDrive\Documents\Master_AI\Data Engineering\EcommerceAnalytics_squelette\EcommerceAnalytics\src\main\scala\com\ecommerce\analytics\DataValidation.scala. Using presentation compiler with project's scala-library version: 3.3.8
2026.09.02 20:11:24 WARN  no build target for: C:\Users\DELL\OneDrive\Documents\Master_AI\Data Engineering\EcommerceAnalytics_squelette\EcommerceAnalytics\src\main\scala\com\ecommerce\analytics\DataValidation.scala
2026.09.02 20:11:24 WARN  no build target for: C:\Users\DELL\OneDrive\Documents\Master_AI\Data Engineering\EcommerceAnalytics_squelette\EcommerceAnalytics\src\main\scala\com\ecommerce\analytics\DataQualityReport.scala
2026.09.02 20:12:39 INFO  no build target found for C:\Users\DELL\OneDrive\Documents\Master_AI\Data Engineering\EcommerceAnalytics_squelette\EcommerceAnalytics\src\main\scala\com\ecommerce\analytics\TestMembreA.scala. Using presentation compiler with project's scala-library version: 3.3.8
2026.09.02 20:12:39 INFO  no build target found for C:\Users\DELL\OneDrive\Documents\Master_AI\Data Engineering\EcommerceAnalytics_squelette\EcommerceAnalytics\src\main\scala\com\ecommerce\analytics\TestMembreA.scala. Using presentation compiler with project's scala-library version: 3.3.8
2026.09.02 20:14:07 WARN  no build target for: c:\Users\DELL\OneDrive\Documents\Master_AI\Data Engineering\EcommerceAnalytics_squelette\EcommerceAnalytics\build.sbt
2026.09.02 20:14:17 INFO  no build target found for C:\Users\DELL\OneDrive\Documents\Master_AI\Data Engineering\EcommerceAnalytics_squelette\EcommerceAnalytics\build.sbt. Using presentation compiler with project's scala-library version: 3.3.8
2026.09.02 20:14:17 WARN  no build target for: C:\Users\DELL\OneDrive\Documents\Master_AI\Data Engineering\EcommerceAnalytics_squelette\EcommerceAnalytics\build.sbt
2026.09.02 20:17:55 WARN  no build target for: C:\Users\DELL\OneDrive\Documents\Master_AI\Data Engineering\EcommerceAnalytics_squelette\EcommerceAnalytics\build.sbt
2026.09.02 20:26:42 WARN  no build target for: c:\Users\DELL\OneDrive\Documents\Master_AI\Data Engineering\EcommerceAnalytics_squelette\EcommerceAnalytics\build.sbt
2026.09.02 20:26:45 WARN  no build target for: C:\Users\DELL\OneDrive\Documents\Master_AI\Data Engineering\EcommerceAnalytics_squelette\EcommerceAnalytics\build (1).sbt
2026.09.02 20:26:45 INFO  no build target found for C:\Users\DELL\OneDrive\Documents\Master_AI\Data Engineering\EcommerceAnalytics_squelette\EcommerceAnalytics\build (1).sbt. Using presentation compiler with project's scala-library version: 3.3.8
2026.09.02 20:26:56 WARN  no build target for: c:\Users\DELL\OneDrive\Documents\Master_AI\Data Engineering\EcommerceAnalytics_squelette\EcommerceAnalytics\build (1).sbt
2026.09.02 20:26:56 WARN  no build target for: C:\Users\DELL\OneDrive\Documents\Master_AI\Data Engineering\EcommerceAnalytics_squelette\EcommerceAnalytics\build.sbt
2026.09.02 20:26:56 INFO  no build target found for C:\Users\DELL\OneDrive\Documents\Master_AI\Data Engineering\EcommerceAnalytics_squelette\EcommerceAnalytics\build.sbt. Using presentation compiler with project's scala-library version: 3.3.8
2026.09.02 20:30:04 INFO  no build target found for C:\Users\DELL\OneDrive\Documents\Master_AI\Data Engineering\EcommerceAnalytics_squelette\EcommerceAnalytics\src\main\scala\com\ecommerce\analytics\DataQualityReport.scala. Using presentation compiler with project's scala-library version: 3.3.8
2026.09.02 20:30:05 WARN  no build target for: C:\Users\DELL\OneDrive\Documents\Master_AI\Data Engineering\EcommerceAnalytics_squelette\EcommerceAnalytics\src\main\scala\com\ecommerce\analytics\DataQualityReport.scala
2026.09.02 20:30:04 INFO  no build target found for C:\Users\DELL\OneDrive\Documents\Master_AI\Data Engineering\EcommerceAnalytics_squelette\EcommerceAnalytics\src\main\scala\com\ecommerce\analytics\DataQualityReport.scala. Using presentation compiler with project's scala-library version: 3.3.8
2026.09.02 20:30:04 INFO  no build target found for C:\Users\DELL\OneDrive\Documents\Master_AI\Data Engineering\EcommerceAnalytics_squelette\EcommerceAnalytics\src\main\scala\com\ecommerce\analytics\DataQualityReport.scala. Using presentation compiler with project's scala-library version: 3.3.8
2026.09.02 20:30:07 INFO  no build target found for C:\Users\DELL\OneDrive\Documents\Master_AI\Data Engineering\EcommerceAnalytics_squelette\EcommerceAnalytics\src\main\scala\com\ecommerce\analytics\DataQualityReport.scala. Using presentation compiler with project's scala-library version: 3.3.8
2026.09.02 20:30:07 INFO  no build target found for C:\Users\DELL\OneDrive\Documents\Master_AI\Data Engineering\EcommerceAnalytics_squelette\EcommerceAnalytics\src\main\scala\com\ecommerce\analytics\DataQualityReport.scala. Using presentation compiler with project's scala-library version: 3.3.8
2026.09.02 20:30:07 INFO  no build target found for C:\Users\DELL\OneDrive\Documents\Master_AI\Data Engineering\EcommerceAnalytics_squelette\EcommerceAnalytics\src\main\scala\com\ecommerce\analytics\DataQualityReport.scala. Using presentation compiler with project's scala-library version: 3.3.8
2026.09.02 20:30:09 INFO  no build target found for C:\Users\DELL\OneDrive\Documents\Master_AI\Data Engineering\EcommerceAnalytics_squelette\EcommerceAnalytics\src\main\scala\com\ecommerce\analytics\DataQualityReport.scala. Using presentation compiler with project's scala-library version: 3.3.8
2026.09.02 20:30:09 INFO  no build target found for C:\Users\DELL\OneDrive\Documents\Master_AI\Data Engineering\EcommerceAnalytics_squelette\EcommerceAnalytics\src\main\scala\com\ecommerce\analytics\DataQualityReport.scala. Using presentation compiler with project's scala-library version: 3.3.8
2026.09.02 20:30:09 INFO  no build target found for C:\Users\DELL\OneDrive\Documents\Master_AI\Data Engineering\EcommerceAnalytics_squelette\EcommerceAnalytics\src\main\scala\com\ecommerce\analytics\DataQualityReport.scala. Using presentation compiler with project's scala-library version: 3.3.8
2026.09.02 20:30:09 WARN  no build target for: C:\Users\DELL\OneDrive\Documents\Master_AI\Data Engineering\EcommerceAnalytics_squelette\EcommerceAnalytics\src\main\scala\com\ecommerce\analytics\DataQualityReport.scala
2026.09.02 20:30:10 WARN  no build target for: C:\Users\DELL\OneDrive\Documents\Master_AI\Data Engineering\EcommerceAnalytics_squelette\EcommerceAnalytics\src\main\scala\com\ecommerce\analytics\DataQualityReport.scala
2026.09.02 20:30:24 WARN  no build target for: C:\Users\DELL\OneDrive\Documents\Master_AI\Data Engineering\EcommerceAnalytics_squelette\EcommerceAnalytics\build.sbt
2026.09.02 20:51:28 WARN  no build target for: c:\Users\DELL\OneDrive\Documents\Master_AI\Data Engineering\EcommerceAnalytics_squelette\EcommerceAnalytics\build.sbt
2026.09.02 20:51:32 WARN  no build target for: C:\Users\DELL\OneDrive\Documents\Master_AI\Data Engineering\EcommerceAnalytics_squelette\EcommerceAnalytics\build.sbt
2026.09.02 20:57:19 WARN  no build target for: C:\Users\DELL\OneDrive\Documents\Master_AI\Data Engineering\EcommerceAnalytics_squelette\EcommerceAnalytics\build.sbt
